<div style="text-align:center;color:black">Être ou ne pas être</div><div style="text-align:left;color:black">This &nbsp; &nbsp; &nbsp; &nbsp;is<br />multiline<br /></div><hr />