@a2M2qwertz asdfghVA0r1tÒtre ou ne pas ˆtredVA0